[{"label": "Launched", "from": "City council", "to": "Green initiative"}, {"label": "Aimed at", "from": "Green initiative", "to": "Reducing air pollution"}, {"label": "Aimed at", "from": "Green initiative", "to": "Promoting environmental sustainability"}, {"label": "Includes", "from": "Initiative", "to": "Planting trees"}, {"label": "Includes", "from": "Initiative", "to": "Creating bike lanes"}, {"label": "Includes", "from": "Initiative", "to": "Increasing charging stations"}, {"label": "Emphasized", "from": "Jane smith", "to": "Importance of community involvement"}, {"label": "Made cleaner and healthier by", "from": "City", "to": "Community involvement"}, {"label": "Committed to", "from": "City", "to": "Improving air quality"}, {"label": "Committed to", "from": "City", "to": "Reducing carbon footprint"}, {"label": "Has", "from": "City", "to": "Air quality issues"}, {"label": "Committed to", "from": "Improving air quality", "to": "We"}, {"label": "Addresses", "from": "Air quality issues", "to": "Project"}, {"label": "Said", "from": "Mayor smith", "to": "We are committed to improving air quality and reducing our carbon footprint"}, {"label": "Represents", "from": "Mayor smith", "to": "The city"}, {"label": "Is set to begin", "from": "Project", "to": "Next month"}, {"label": "Focusing on", "from": "Project", "to": "Urban areas with the highest levels of pollution"}, {"label": "Has", "from": "Project", "to": "Phases"}, {"label": "Aims to", "from": "Project", "to": "Improve air quality"}, {"label": "Aims to", "from": "Project", "to": "Reduce carbon footprint"}, {"label": "Addresses", "from": "Project", "to": "Carbon footprint reduction"}, {"label": "Focusing on", "from": "Urban areas with the highest levels of pollution", "to": "First phase"}, {"label": "Focus on", "from": "Phases", "to": "Different areas"}, {"label": "Have", "from": "Urban areas", "to": "Highest levels of pollution"}, {"label": "Committed to", "from": "We", "to": "Reducing our carbon footprint"}]